nftset=/video.twimg.com/4#inet#fw4#vpn_domains
nftset=/rutracker.cc/4#inet#fw4#vpn_domains
nftset=/patreon.com/4#inet#fw4#vpn_domains
nftset=/danbooru.donmai.us/4#inet#fw4#vpn_domains
nftset=/thingiverse.com/4#inet#fw4#vpn_domains
nftset=/gateway.discord.gg/4#inet#fw4#vpn_domains
nftset=/cdn.discordapp.com/4#inet#fw4#vpn_domains
nftset=/discordapp.net/4#inet#fw4#vpn_domains
nftset=/discordapp.com/4#inet#fw4#vpn_domains
nftset=/discord.gg/4#inet#fw4#vpn_domains
nftset=/yt3.ggpht.com/4#inet#fw4#vpn_domains
nftset=/ytimg.com/4#inet#fw4#vpn_domains
nftset=/ggpht.com/4#inet#fw4#vpn_domains
nftset=/yt-video-upload.l.google.com/4#inet#fw4#vpn_domains
nftset=/updates.discord.com/4#inet#fw4#vpn_domains
nftset=/xvapp02.com/4#inet#fw4#vpn_domains
nftset=/images-ext-1.discordapp.net/4#inet#fw4#vpn_domains
nftset=/images-ext-2.discordapp.net/4#inet#fw4#vpn_domains
nftset=/images-ext-5.discordapp.net/4#inet#fw4#vpn_domains
nftset=/ntc.party/4#inet#fw4#vpn_domains
nftset=/rutracker.org/4#inet#fw4#vpn_domains
nftset=/linkedin.com/4#inet#fw4#vpn_domains
nftset=/antizapret.prostovpn.org/4#inet#fw4#vpn_domains
nftset=/kino.pub/4#inet#fw4#vpn_domains
nftset=/xvideos.com/4#inet#fw4#vpn_domains
nftset=/nhentai.net/4#inet#fw4#vpn_domains
nftset=/pornolab.net/4#inet#fw4#vpn_domains
nftset=/ru.linkedin.com/4#inet#fw4#vpn_domains
nftset=/xhamster.com/4#inet#fw4#vpn_domains
nftset=/acomics.ru/4#inet#fw4#vpn_domains
nftset=/mangahub.ru/4#inet#fw4#vpn_domains
nftset=/shikimori.me/4#inet#fw4#vpn_domains
nftset=/rutracker.host/4#inet#fw4#vpn_domains
nftset=/static.rutracker.cc/4#inet#fw4#vpn_domains
nftset=/patreon.com/4#inet#fw4#vpn_domains
nftset=/img.thingiverse.com/4#inet#fw4#vpn_domains
nftset=/discord.com/4#inet#fw4#vpn_domains
nftset=/gateway.discord.gg/4#inet#fw4#vpn_domains
nftset=/rutracker.cr/4#inet#fw4#vpn_domains
nftset=/urbanculture.live/4#inet#fw4#vpn_domains
nftset=/content-autofill.googleapis.com/4#inet#fw4#vpn_domains
nftset=/notion.site/4#inet#fw4#vpn_domains
nftset=/attachments.f95zone.to/4#inet#fw4#vpn_domains
nftset=/youtubei.googleapis.com/4#inet#fw4#vpn_domains
nftset=/tenor.com/4#inet#fw4#vpn_domains
nftset=/booth.pximg.net/4#inet#fw4#vpn_domains
nftset=/garlandtools.org/4#inet#fw4#vpn_domains
nftset=/media.discordapp.net/4#inet#fw4#vpn_domains
nftset=/icy-veins.com/4#inet#fw4#vpn_domains
nftset=/discord.design/4#inet#fw4#vpn_domains
nftset=/rr14.sn-3c27snel.googlevideo.com/4#inet#fw4#vpn_domains
nftset=/rr11.sn-3c27sn76.googlevideo.com/4#inet#fw4#vpn_domains
nftset=/youtube.googleapis.com/4#inet#fw4#vpn_domains
nftset=/play.googleapis.com/4#inet#fw4#vpn_domains
nftset=/rr13.sn-3c27sn7z.googlevideo.com/4#inet#fw4#vpn_domains
nftset=/rr9.sn-3c27sn7z.googlevideo.com/4#inet#fw4#vpn_domains
nftset=/rr16.sn-3c27sn7s.gvt1.com/4#inet#fw4#vpn_domains
nftset=/rr4.sn-3c27sn7y.gvt1.com/4#inet#fw4#vpn_domains
nftset=/rr2.sn-3c27sn7s.gvt1.com/4#inet#fw4#vpn_domains
nftset=/rr18.sn-3c27snel.gvt1.com/4#inet#fw4#vpn_domains
nftset=/rr4.sn-3c27snel.googlevideo.com/4#inet#fw4#vpn_domains
nftset=/rr12.sn-3c27sn7z.googlevideo.com/4#inet#fw4#vpn_domains
nftset=/rr6.sn-3c27sn7y.gvt1.com/4#inet#fw4#vpn_domains
nftset=/rr3.sn-3c27snel.gvt1.com/4#inet#fw4#vpn_domains
nftset=/rr2.sn-3c27sn7d.gvt1.com/4#inet#fw4#vpn_domains
nftset=/rr6.sn-3c27sn76.gvt1.com/4#inet#fw4#vpn_domains
nftset=/rr2.sn-po4vapo3g0-jnte.gvt1.com/4#inet#fw4#vpn_domains
nftset=/rr11.sn-n8v7znsy.gvt1.com/4#inet#fw4#vpn_domains
nftset=/rr11.sn-3c27snel.gvt1.com/4#inet#fw4#vpn_domains
nftset=/rr5.sn-3c27sn7d.gvt1.com/4#inet#fw4#vpn_domains
nftset=/rr18.sn-3c27sn7k.googlevideo.com/4#inet#fw4#vpn_domains
nftset=/rr10.sn-3c27snee.googlevideo.com/4#inet#fw4#vpn_domains
nftset=/photos-ugc.l.googleusercontent.com/4#inet#fw4#vpn_domains
nftset=/storage.googleapis.com/4#inet#fw4#vpn_domains
nftset=/abs.twimg.com/4#inet#fw4#vpn_domains
nftset=/rr4.sn-5go7ynl6.googlevideo.com/4#inet#fw4#vpn_domains
nftset=/jnn-pa.googleapis.com/4#inet#fw4#vpn_domains
nftset=/rr1.sn-5goeenez.googlevideo.com/4#inet#fw4#vpn_domains
nftset=/youtubeembeddedplayer.googleapis.com/4#inet#fw4#vpn_domains
nftset=/i.ytimg.com/4#inet#fw4#vpn_domains
nftset=/shorturl.at/4#inet#fw4#vpn_domains
nftset=/dis.gd/4#inet#fw4#vpn_domains
nftset=/yt.be/4#inet#fw4#vpn_domains
nftset=/video.twimg.com/4#inet#fw4#vpn_domains
nftset=/clientservices.googleapis.com/4#inet#fw4#vpn_domains
nftset=/digiseller.mycdn.ink/4#inet#fw4#vpn_domains
nftset=/ytimg.l.google.com/4#inet#fw4#vpn_domains
nftset=/youtube.com/4#inet#fw4#vpn_domains
nftset=/youtube-nocookie.com/4#inet#fw4#vpn_domains
nftset=/wide-youtube.l.google.com/4#inet#fw4#vpn_domains
nftset=/www3.l.google.com/4#inet#fw4#vpn_domains
nftset=/youtu.be/4#inet#fw4#vpn_domains
nftset=/kinopub.online/4#inet#fw4#vpn_domains
nftset=/rr2.sn-5go7ynlk.googlevideo.com/4#inet#fw4#vpn_domains
nftset=/rr2.sn-5go7yner.googlevideo.com/4#inet#fw4#vpn_domains
nftset=/clientservices.googleapis.com/4#inet#fw4#vpn_domains
nftset=/t.co/4#inet#fw4#vpn_domains
nftset=/googlevideo.com/4#inet#fw4#vpn_domains
nftset=/rr3.sn-5go7yner.googlevideo.com/4#inet#fw4#vpn_domains
nftset=/x.com/4#inet#fw4#vpn_domains
nftset=/tiktok.com/4#inet#fw4#vpn_domains
nftset=/images-wixmp-ed30a86b8c4ca887773594c2.wixmp.com/4#inet#fw4#vpn_domains
nftset=/yt-video-upload.l.google.com/4#inet#fw4#vpn_domains
nftset=/pbs.twimg.com/4#inet#fw4#vpn_domains
nftset=/media.tenor.com/4#inet#fw4#vpn_domains
nftset=/youtube-ui.l.google.com/4#inet#fw4#vpn_domains
nftset=/instagram.com/4#inet#fw4#vpn_domains
nftset=/twitter.com/4#inet#fw4#vpn_domains
nftset=/facebook.com/4#inet#fw4#vpn_domains
nftset=/cdninstagram.com/4#inet#fw4#vpn_domains
nftset=/copilot.microsoft.com/4#inet#fw4#vpn_domains
nftset=/facebook.net/4#inet#fw4#vpn_domains
nftset=/fb.com/4#inet#fw4#vpn_domains
nftset=/fbcdn.net/4#inet#fw4#vpn_domains
nftset=/fbsbx.com/4#inet#fw4#vpn_domains
nftset=/dobrochan.net/4#inet#fw4#vpn_domains
nftset=/flibusta.is/4#inet#fw4#vpn_domains
nftset=/flibusta.net/4#inet#fw4#vpn_domains
nftset=/freeimages.com/4#inet#fw4#vpn_domains
nftset=/freemedia.io/4#inet#fw4#vpn_domains
nftset=/notion-static.com/4#inet#fw4#vpn_domains
nftset=/notion.com/4#inet#fw4#vpn_domains
nftset=/notion.new/4#inet#fw4#vpn_domains
nftset=/notion.so/4#inet#fw4#vpn_domains
nftset=/oculus.com/4#inet#fw4#vpn_domains
